model     	E_kin       	U 	eb1_1     	eb2_1       	eb3_1     	eb4_1       	mu 	t 	tb1_1      	tb2_1      	tb3_1      	tb4_1      	ave_mu     	ave_t       	ave_U_1 	ave_eb1_1 	ave_eb2_1 	ave_eb3_1 	ave_eb4_1 	ave_mu_1   	ave_t_1     	ave_tb1_1 	ave_tb2_1 	ave_tb3_1 	ave_tb4_1 	E0_1       	sector_1   	n_1        	githash 	version 	script             	time             	
2L_4b_gen 	-0.98339666 	4 	1.3133194 	-0.92430337 	1.3133423 	-0.92433447 	2  	1 	0.42519886 	0.42648984 	0.42519751 	0.42649277 	1.0059732  	-0.98339666 	nan     	nan       	nan       	nan       	nan       	1.012864   	-0.68835646 	nan       	nan       	nan       	nan       	-9.0017843 	R0:N6:S0:1 	1.012864   	20a4d9d 	v2.1.5  	general_bath_1D.py 	2023-07-17@10:35 
2L_4b_gen 	-0.95883922 	4 	1.194326  	-1.0844147  	1.1943509 	-1.0844584  	2  	1 	0.43312721 	0.43469812 	0.43313627 	0.4347053  	1.0065972  	-0.95883922 	nan     	nan       	nan       	nan       	nan       	1.0079504  	-0.66688303 	nan       	nan       	nan       	nan       	-9.6550757 	R0:N6:S0:1 	1.0079504  	20a4d9d 	v2.1.5  	general_bath_1D.py 	2023-07-17@10:36 
2L_4b_gen 	-0.98444132 	4 	1.1853176 	-1.1395685  	1.1853761 	-1.1395545  	2  	1 	0.43176174 	0.43535827 	0.43177028 	0.43535541 	0.99931757 	-0.98444132 	nan     	nan       	nan       	nan       	nan       	1.0003297  	-0.69192773 	nan       	nan       	nan       	nan       	-9.8695    	R0:N6:S0:1 	1.0003297  	20a4d9d 	v2.1.5  	general_bath_1D.py 	2023-07-17@10:36 
2L_4b_gen 	-0.98097826 	4 	1.1828834 	-1.156689   	1.1828896 	-1.156639   	2  	1 	0.43703726 	0.43558471 	0.43703893 	0.43557473 	1.0015696  	-0.98097826 	nan     	nan       	nan       	nan       	nan       	1.0012715  	-0.68911961 	nan       	nan       	nan       	nan       	-9.9438106 	R0:N6:S0:1 	1.0012715  	20a4d9d 	v2.1.5  	general_bath_1D.py 	2023-07-17@10:36 
2L_4b_gen 	-0.964292   	4 	1.1891561 	-1.15134    	1.1891874 	-1.151389   	2  	1 	0.43552683 	0.43510714 	0.43553125 	0.43511718 	0.99618079 	-0.964292   	nan     	nan       	nan       	nan       	nan       	0.99713448 	-0.67406707 	nan       	nan       	nan       	nan       	-9.9176499 	R0:N6:S0:1 	0.99713448 	20a4d9d 	v2.1.5  	general_bath_1D.py 	2023-07-17@10:37 
2L_4b_gen 	-0.98410168 	4 	1.1790439 	-1.152406   	1.179155  	-1.1524583  	2  	1 	0.4365202  	0.43115742 	0.43653966 	0.43116809 	0.99872379 	-0.98410168 	nan     	nan       	nan       	nan       	nan       	0.99898887 	-0.69087263 	nan       	nan       	nan       	nan       	-9.9191063 	R0:N6:S0:1 	0.99898887 	20a4d9d 	v2.1.5  	general_bath_1D.py 	2023-07-17@10:37 
2L_4b_gen 	-0.97901709 	4 	1.1398125 	-1.1512182  	1.1397957 	-1.1511426  	2  	1 	0.4335616  	0.43389293 	0.43355404 	0.43388156 	0.99738995 	-0.97901709 	nan     	nan       	nan       	nan       	nan       	0.99720224 	-0.68293888 	nan       	nan       	nan       	nan       	-9.9123821 	R0:N6:S0:1 	0.99720224 	20a4d9d 	v2.1.5  	general_bath_1D.py 	2023-07-17@10:38 
2L_4b_gen 	-0.98629156 	4 	1.0996424 	-1.0768288  	1.0996358 	-1.0768346  	2  	1 	0.42871763 	0.4245806  	0.42872149 	0.4245864  	1.0045827  	-0.98629156 	nan     	nan       	nan       	nan       	nan       	1.0042676  	-0.69061623 	nan       	nan       	nan       	nan       	-9.6178927 	R0:N6:S0:1 	1.0042676  	20a4d9d 	v2.1.5  	general_bath_1D.py 	2023-07-17@10:38 
2L_4b_gen 	-0.96521176 	4 	1.1555154 	-1.1501036  	1.1553874 	-1.1500092  	2  	1 	0.43339501 	0.43674249 	0.43337067 	0.43672494 	0.99526814 	-0.96521176 	nan     	nan       	nan       	nan       	nan       	0.9958658  	-0.67258186 	nan       	nan       	nan       	nan       	-9.9111088 	R0:N6:S0:1 	0.9958658  	20a4d9d 	v2.1.5  	general_bath_1D.py 	2023-07-17@10:38 
2L_4b_gen 	-0.96635891 	4 	1.1725684 	-1.1557389  	1.1725784 	-1.155768   	2  	1 	0.43698766 	0.43222082 	0.43699152 	0.43222356 	1.003058   	-0.96635891 	nan     	nan       	nan       	nan       	nan       	1.0020444  	-0.6746148  	nan       	nan       	nan       	nan       	-9.9333654 	R0:N6:S0:1 	1.0020444  	20a4d9d 	v2.1.5  	general_bath_1D.py 	2023-07-17@10:39 
2L_4b_gen 	-0.9741589  	4 	1.1904989 	-1.1455711  	1.1905218 	-1.1455814  	2  	1 	0.43493997 	0.4348375  	0.43494372 	0.43483979 	0.9993623  	-0.9741589  	nan     	nan       	nan       	nan       	nan       	1.0004705  	-0.68101365 	nan       	nan       	nan       	nan       	-9.8911313 	R0:N6:S0:1 	1.0004705  	20a4d9d 	v2.1.5  	general_bath_1D.py 	2023-07-17@10:39 
2L_4b_gen 	-0.97350253 	4 	1.126039  	-1.1411343  	1.125866  	-1.1409882  	2  	1 	0.4304447  	0.43259515 	0.4304099  	0.43256744 	0.99634685 	-0.97350253 	nan     	nan       	nan       	nan       	nan       	0.99707436 	-0.67948535 	nan       	nan       	nan       	nan       	-9.8754681 	R0:N6:S0:1 	0.99707436 	20a4d9d 	v2.1.5  	general_bath_1D.py 	2023-07-17@10:39 
2L_4b_gen 	-0.9664517  	4 	1.1211634 	-1.1590319  	1.1211364 	-1.1591505  	2  	1 	0.4328588  	0.43166155 	0.43285994 	0.43168132 	0.99974542 	-0.9664517  	nan     	nan       	nan       	nan       	nan       	0.99927141 	-0.67425443 	nan       	nan       	nan       	nan       	-9.9519121 	R0:N6:S0:1 	0.99927141 	20a4d9d 	v2.1.5  	general_bath_1D.py 	2023-07-17@10:40 
2L_4b_gen 	-0.98459652 	4 	1.1358369 	-1.1705023  	1.1358248 	-1.1705107  	2  	1 	0.43166423 	0.43391214 	0.43165868 	0.43391047 	0.99819947 	-0.98459652 	nan     	nan       	nan       	nan       	nan       	0.99824402 	-0.69077952 	nan       	nan       	nan       	nan       	-9.9911165 	R0:N6:S0:1 	0.99824402 	20a4d9d 	v2.1.5  	general_bath_1D.py 	2023-07-17@10:40 
2L_4b_gen 	-0.97067656 	4 	1.1345269 	-1.1701989  	1.1344123 	-1.1700432  	2  	1 	0.4343102  	0.43526874 	0.43428418 	0.43523644 	0.995269   	-0.97067656 	nan     	nan       	nan       	nan       	nan       	0.99434313 	-0.67799199 	nan       	nan       	nan       	nan       	-9.9989323 	R0:N6:S0:1 	0.99434313 	20a4d9d 	v2.1.5  	general_bath_1D.py 	2023-07-17@10:41 
2L_4b_gen 	-0.9764615  	4 	1.1637553 	-1.1410962  	1.1637987 	-1.141099   	2  	1 	0.43477958 	0.43169012 	0.43478937 	0.43169284 	1.0014587  	-0.9764615  	nan     	nan       	nan       	nan       	nan       	1.0012144  	-0.68452878 	nan       	nan       	nan       	nan       	-9.8808619 	R0:N6:S0:1 	1.0012144  	20a4d9d 	v2.1.5  	general_bath_1D.py 	2023-07-17@10:41 
2L_4b_gen 	-0.98100137 	4 	1.1778489 	-1.1545512  	1.1779985 	-1.1546091  	2  	1 	0.43507313 	0.43504395 	0.43510191 	0.4350552  	0.99743141 	-0.98100137 	nan     	nan       	nan       	nan       	nan       	0.99720178 	-0.68682726 	nan       	nan       	nan       	nan       	-9.9211372 	R0:N6:S0:1 	0.99720178 	20a4d9d 	v2.1.5  	general_bath_1D.py 	2023-07-17@10:41 
2L_4b_gen 	-0.95606891 	4 	1.1657436 	-1.1206398  	1.1658317 	-1.1207107  	2  	1 	0.43525728 	0.4323101  	0.43528393 	0.43232897 	0.99863365 	-0.95606891 	nan     	nan       	nan       	nan       	nan       	0.99821102 	-0.66545222 	nan       	nan       	nan       	nan       	-9.792282  	R0:N6:S0:1 	0.99821102 	20a4d9d 	v2.1.5  	general_bath_1D.py 	2023-07-17@10:42 
2L_4b_gen 	-0.95652135 	4 	1.1945837 	-1.131413   	1.1946152 	-1.131435   	2  	1 	0.43345468 	0.43136228 	0.43346107 	0.43136707 	1.0009948  	-0.95652135 	nan     	nan       	nan       	nan       	nan       	1.0015298  	-0.66773642 	nan       	nan       	nan       	nan       	-9.8326542 	R0:N6:S0:1 	1.0015298  	20a4d9d 	v2.1.5  	general_bath_1D.py 	2023-07-17@10:42 
2L_4b_gen 	-0.9843197  	4 	1.1986853 	-1.1709771  	1.1987317 	-1.1709965  	2  	1 	0.4350675  	0.43568022 	0.43507658 	0.43568485 	1.002724   	-0.9843197  	nan     	nan       	nan       	nan       	nan       	1.0026696  	-0.69107147 	nan       	nan       	nan       	nan       	-9.9798905 	R0:N6:S0:1 	1.0026696  	20a4d9d 	v2.1.5  	general_bath_1D.py 	2023-07-17@10:43 
2L_4b_gen 	-0.96410533 	4 	1.0221466 	-1.0379074  	1.0221593 	-1.0379131  	2  	1 	0.4094642  	0.4185257  	0.40946272 	0.41852262 	1.0014448  	-0.96410533 	nan     	nan       	nan       	nan       	nan       	1.00087    	-0.67092318 	nan       	nan       	nan       	nan       	-9.4420476 	R0:N6:S0:1 	1.00087    	20a4d9d 	v2.1.5  	general_bath_1D.py 	2023-07-17@10:43 
2L_4b_gen 	-0.97817166 	4 	1.168333  	-1.1154485  	1.1682952 	-1.1154335  	2  	1 	0.43212577 	0.43131175 	0.43212078 	0.43130989 	1.0103469  	-0.97817166 	nan     	nan       	nan       	nan       	nan       	1.0103392  	-0.68729825 	nan       	nan       	nan       	nan       	-9.7692355 	R0:N6:S0:1 	1.0103392  	20a4d9d 	v2.1.5  	general_bath_1D.py 	2023-07-17@10:43 
2L_4b_gen 	-0.99539239 	4 	1.1738724 	-1.1646131  	1.1739502 	-1.1645944  	2  	1 	0.42962357 	0.43813213 	0.42963451 	0.43813568 	1.0030277  	-0.99539239 	nan     	nan       	nan       	nan       	nan       	1.0037348  	-0.70046126 	nan       	nan       	nan       	nan       	-9.9686758 	R0:N6:S0:1 	1.0037348  	20a4d9d 	v2.1.5  	general_bath_1D.py 	2023-07-17@10:44 
2L_4b_gen 	-0.99113028 	4 	1.1467488 	-1.1364938  	1.1467332 	-1.1364618  	2  	1 	0.43383508 	0.4349261  	0.43383338 	0.43491951 	0.99273254 	-0.99113028 	nan     	nan       	nan       	nan       	nan       	0.99247893 	-0.69697273 	nan       	nan       	nan       	nan       	-9.8403308 	R0:N6:S0:1 	0.99247893 	20a4d9d 	v2.1.5  	general_bath_1D.py 	2023-07-17@10:44 
2L_4b_gen 	-0.96808201 	4 	1.1942899 	-1.1186152  	1.1942505 	-1.1186632  	2  	1 	0.43881844 	0.42965381 	0.43881018 	0.42966207 	1.0087206  	-0.96808201 	nan     	nan       	nan       	nan       	nan       	1.0082023  	-0.67582308 	nan       	nan       	nan       	nan       	-9.7878156 	R0:N6:S0:1 	1.0082023  	20a4d9d 	v2.1.5  	general_bath_1D.py 	2023-07-17@10:45 
2L_4b_gen 	-0.97022913 	4 	1.1664451 	-1.1177776  	1.1663465 	-1.1177524  	2  	1 	0.4295026  	0.43352835 	0.42948158 	0.43352329 	1.0022759  	-0.97022913 	nan     	nan       	nan       	nan       	nan       	1.0022046  	-0.67830218 	nan       	nan       	nan       	nan       	-9.7651248 	R0:N6:S0:1 	1.0022046  	20a4d9d 	v2.1.5  	general_bath_1D.py 	2023-07-17@10:45 
2L_4b_gen 	-0.99380719 	4 	1.1852808 	-1.1052508  	1.1853073 	-1.105313   	2  	1 	0.43284244 	0.43097885 	0.43284955 	0.43099256 	0.99255218 	-0.99380719 	nan     	nan       	nan       	nan       	nan       	0.99508838 	-0.69917342 	nan       	nan       	nan       	nan       	-9.7370343 	R0:N6:S0:1 	0.99508838 	20a4d9d 	v2.1.5  	general_bath_1D.py 	2023-07-17@10:45 
